// Jest Snapshot v1, https://goo.gl/fbAQLP

exports[`<RawADFFViewerComponent /> it matches the snapshot 1`] = `
<div>
  <img
    alt=""
    src="http://fakeurl.com/video.mjpeg"
    style={
      Object {
        "height": "100%",
        "width": "100%",
      }
    }
  />
</div>
`;
