// Jest Snapshot v1, https://goo.gl/fbAQLP

exports[`<Label Label /> it matches the snapshot 1`] = `
<div
  className="Label Label"
  style={Object {}}
>
  hello
</div>
`;
