// Jest Snapshot v1, https://goo.gl/fbAQLP

exports[`<Input /> it matches the snapshot 1`] = `
<input
  onBlur={[Function]}
  onChange={[Function]}
  onClick={[Function]}
  onKeyDown={[Function]}
  type="text"
  value="hello"
/>
`;
