// Jest Snapshot v1, https://goo.gl/fbAQLP

exports[`snapshot matches 1`] = `
<div>
  mypv
  : 
  hello
</div>
`;
