// Jest Snapshot v1, https://goo.gl/fbAQLP

exports[`<ActionButton /> it matches the snapshot 1`] = `
<button
  onClick={[Function]}
>
  hello
</button>
`;
