// Jest Snapshot v1, https://goo.gl/fbAQLP

exports[`<Footer /> it matches the snapshot 1`] = `
<footer
  style={
    Object {
      "color": "#cccccc",
      "height": "5vh",
    }
  }
>
  <p>
    Copyright Â© 2020 Diamond Light Source Ltd.
  </p>
  <p>
    <a
      href="https://www.diamond.ac.uk"
      style={
        Object {
          "color": "#cccccc",
        }
      }
    >
      www.diamond.ac.uk
    </a>
  </p>
</footer>
`;
