// Jest Snapshot v1, https://goo.gl/fbAQLP

exports[`<DropDownComponent /> it matches the snapshot 1`] = `
<details
  className="Detail"
  open={false}
  style={
    Object {
      "backgroundColor": "",
      "color": "",
    }
  }
>
  <summary
    className="Summary"
  >
    Test
  </summary>
  <div
    className="Children"
    style={
      Object {
        "height": "100%",
        "position": "relative",
        "width": "100%",
      }
    }
  >
    Test Text
  </div>
</details>
`;
