// Jest Snapshot v1, https://goo.gl/fbAQLP

exports[`<BasicButton /> it matches the snapshot 1`] = `
<div>
  <button>
    hello
  </button>
</div>
`;
