// Jest Snapshot v1, https://goo.gl/fbAQLP

exports[`<LineComponent /> matches snapshot 1`] = `
<DocumentFragment>
  <div
    style="background-color: rgb(0, 255, 255); overflow: hidden; width: 50px; height: 4px; transform: rotate(45deg);"
  />
</DocumentFragment>
`;
