// Jest Snapshot v1, https://goo.gl/fbAQLP

exports[`<Label /> it matches the snapshot 1`] = `
<DocumentFragment>
  <div
    class="Label Label"
    style="cursor: auto; justify-content: center;"
  >
    hello
  </div>
</DocumentFragment>
`;
