// Jest Snapshot v1, https://goo.gl/fbAQLP

exports[`matches snapshot 1`] = `
<div
  style={
    Object {
      "backgroundColor": undefined,
      "color": undefined,
      "height": undefined,
      "outline": undefined,
      "outlineOffset": undefined,
      "overflow": "hidden",
      "textAlign": "left",
      "visibility": undefined,
      "width": undefined,
    }
  }
>
  <img
    src="http://localhost:3000/img/undefined"
    style={
      Object {
        "display": "block",
        "height": undefined,
        "transform": "rotate(0deg) scaleX(1) scaleY(1)",
        "width": undefined,
      }
    }
  />
</div>
`;
