// Jest Snapshot v1, https://goo.gl/fbAQLP

exports[`<Readback /> it matches the snapshot 1`] = `
<div
  className="Readback Readback Readback"
  style={
    Object {
      "backgroundColor": "#383838",
      "height": "100%",
      "width": "100%",
    }
  }
>
  3.14
</div>
`;
