// Jest Snapshot v1, https://goo.gl/fbAQLP

exports[`matches snapshot 1`] = `
<div
  style={
    Object {
      "backgroundColor": "rgba(0, 255, 255, 255)",
      "borderRadius": "",
      "height": "undefinedpx",
      "transform": "",
      "width": "undefinedpx",
    }
  }
/>
`;
